
IEEE 695 OMF Linker Version 6.25 (19073001)
Copyright (C) 1999-2008 Zilog, Inc. All Rights Reserved

LINK MAP:

DATE:      Sat Jan 07 14:22:35 2023
PROCESSOR: assembler
FILES:     .\init.obj             .\main.obj             
           .\mos-interface.obj
           .\serial.obj           .\uart.obj             .\hxload.obj           
           C:\ZiLOG\ZDSII_eZ80Acclaim!_5.3.4\lib\std\chelpD.lib
           C:\ZiLOG\ZDSII_eZ80Acclaim!_5.3.4\lib\std\crtD.lib
           C:\ZiLOG\ZDSII_eZ80Acclaim!_5.3.4\lib\std\crtSD.lib
           C:\ZiLOG\ZDSII_eZ80Acclaim!_5.3.4\lib\std\nokernelD.lib
           C:\ZiLOG\ZDSII_eZ80Acclaim!_5.3.4\lib\zilog\zsldevinitdummy.obj
           


COMMAND LIST:
=============
-FORMAT=OMF695,INTEL32
-map -maxhexlen=64 -quiet -warnoverlap -xref -unresolved=fatal
-sort NAME=ascending -warn -debug -NOigcase


RANGE ROM $000000 : $01FFFF
RANGE RAM $040000 : $0BFFFF
RANGE EXTIO $000000 : $00FFFF
RANGE INTIO $000000 : $0000FF

CHANGE CODE = RAM
CHANGE STRSECT = RAM
CHANGE DATA = RAM 

ORDER CODE,DATA

DEFINE __low_bss = base of BSS
DEFINE __len_bss = length of BSS

 "hexload"=  ".\init.obj",  ".\main.obj",  ".\mos-interface.obj",  ".\serial.obj",  ".\uart.obj",  ".\hxload.obj",  "C:\ZiLOG\ZDSII_eZ80Acclaim!_5.3.4\lib\std\chelpD.lib",  "C:\ZiLOG\ZDSII_eZ80Acclaim!_5.3.4\lib\std\crtD.lib",  "C:\ZiLOG\ZDSII_eZ80Acclaim!_5.3.4\lib\std\crtSD.lib",  "C:\ZiLOG\ZDSII_eZ80Acclaim!_5.3.4\lib\std\nokernelD.lib",  "C:\ZiLOG\ZDSII_eZ80Acclaim!_5.3.4\lib\zilog\zsldevinitdummy.obj"


SPACE ALLOCATION:
=================

Space                     Base         Top      Size      Used    Unused
------------------ ----------- ----------- --------- --------- ---------
RAM                   D:040000    D:040D05    80000H      D06H    7F2FAH
                                          (   524288      3334    520954)


SEGMENTS WITHIN SPACE:
======================

RAM                               Type        Base         Top      Size
------------------ ------------------- ----------- ----------- ---------
BSS                normal data            D:040CE0    D:040D05       26h
CODE               normal data            D:040000    D:040C7C      c7dh
DATA               normal data            D:040C7D    D:040CB3       37h
STRSECT            normal data            D:040CB4    D:040CDF       2ch

SEGMENTS WITHIN MODULES:
========================

Module: ..\main.c (File: main.obj) Version: 1:0 01/07/2023 14:22:34

    Name                                           Base         Top      Size
    --------------------------------------- ----------- ----------- ---------
    Segment: CODE                              D:0400D7    D:040197       c1h
    Segment: STRSECT                           D:040CB4    D:040CDF       2ch


Module: ..\src\boot\common\zsldevinitdummy.asm (File: zsldevinitdummy.obj) Version: 1:0 10/11/2019 10:10:12

    Name                                           Base         Top      Size
    --------------------------------------- ----------- ----------- ---------
    Segment: CODE                              D:04046F    D:04046F        1h


Module: ..\uart.c (File: uart.obj) Version: 1:0 01/07/2023 14:22:34

    Name                                           Base         Top      Size
    --------------------------------------- ----------- ----------- ---------
    Segment: CODE                              D:0402C3    D:0403C6      104h


Module: .\rtl\common\abs.c (Library: crtD.lib) Version: 1:0 10/11/2019 10:08:34

    Name                                           Base         Top      Size
    --------------------------------------- ----------- ----------- ---------
    Segment: CODE                              D:04060D    D:040635       29h


Module: .\rtl\common\case8D.asm (Library: chelpD.lib) Version: 1:0 10/11/2019 10:09:35

    Name                                           Base         Top      Size
    --------------------------------------- ----------- ----------- ---------
    Segment: CODE                              D:040BF4    D:040C2D       3ah


Module: .\rtl\common\icmpzero.asm (Library: chelpD.lib) Version: 1:0 10/11/2019 10:09:34

    Name                                           Base         Top      Size
    --------------------------------------- ----------- ----------- ---------
    Segment: CODE                              D:0409B2    D:0409BD        ch


Module: .\rtl\common\indcall.asm (Library: chelpD.lib) Version: 1:0 10/11/2019 10:09:30

    Name                                           Base         Top      Size
    --------------------------------------- ----------- ----------- ---------
    Segment: CODE                              D:040C4D    D:040C4E        2h


Module: .\rtl\common\ineg.asm (Library: chelpD.lib) Version: 1:0 10/11/2019 10:09:30

    Name                                           Base         Top      Size
    --------------------------------------- ----------- ----------- ---------
    Segment: CODE                              D:040C44    D:040C4C        9h


Module: .\rtl\common\itol.asm (Library: chelpD.lib) Version: 1:0 10/11/2019 10:09:31

    Name                                           Base         Top      Size
    --------------------------------------- ----------- ----------- ---------
    Segment: CODE                              D:040BED    D:040BF3        7h


Module: .\rtl\common\lcmpu.asm (Library: chelpD.lib) Version: 1:0 10/11/2019 10:09:31

    Name                                           Base         Top      Size
    --------------------------------------- ----------- ----------- ---------
    Segment: CODE                              D:040C2E    D:040C43       16h


Module: .\rtl\common\lcmpzero.asm (Library: chelpD.lib) Version: 1:0 10/11/2019 10:09:34

    Name                                           Base         Top      Size
    --------------------------------------- ----------- ----------- ---------
    Segment: CODE                              D:04099E    D:0409B1       14h


Module: .\rtl\common\ldivs.asm (Library: chelpD.lib) Version: 1:0 10/11/2019 10:09:31

    Name                                           Base         Top      Size
    --------------------------------------- ----------- ----------- ---------
    Segment: CODE                              D:040676    D:0406A4       2fh


Module: .\rtl\common\ldivu.asm (Library: chelpD.lib) Version: 1:0 10/11/2019 10:09:31

    Name                                           Base         Top      Size
    --------------------------------------- ----------- ----------- ---------
    Segment: CODE                              D:0406B2    D:0406E7       36h


Module: .\rtl\common\lneg.asm (Library: chelpD.lib) Version: 1:0 10/11/2019 10:09:31

    Name                                           Base         Top      Size
    --------------------------------------- ----------- ----------- ---------
    Segment: CODE                              D:0406A5    D:0406B1        dh


Module: .\rtl\common\lremu.asm (Library: chelpD.lib) Version: 1:0 10/11/2019 10:09:32

    Name                                           Base         Top      Size
    --------------------------------------- ----------- ----------- ---------
    Segment: CODE                              D:040C4F    D:040C5E       10h


Module: .\rtl\common\print_globals.c (Library: crtSD.lib) Version: 1:0 10/11/2019 10:09:01

    Name                                           Base         Top      Size
    --------------------------------------- ----------- ----------- ---------
    Segment: BSS                               D:040CE0    D:040D05       26h
    Segment: DATA                              D:040CB1    D:040CB3        3h


Module: .\rtl\common\print_putch.c (Library: crtSD.lib) Version: 1:0 10/11/2019 10:09:01

    Name                                           Base         Top      Size
    --------------------------------------- ----------- ----------- ---------
    Segment: CODE                              D:040C5F    D:040C7C       1eh


Module: .\rtl\common\print_putstring.c (Library: crtSD.lib) Version: 1:0 10/11/2019 10:09:01

    Name                                           Base         Top      Size
    --------------------------------------- ----------- ----------- ---------
    Segment: CODE                              D:040470    D:0405DA      16bh


Module: .\rtl\common\print_send.c (Library: crtSD.lib) Version: 1:0 10/11/2019 10:09:02

    Name                                           Base         Top      Size
    --------------------------------------- ----------- ----------- ---------
    Segment: CODE                              D:0409BE    D:040B75      1b8h


Module: .\rtl\common\print_sputch.c (Library: crtSD.lib) Version: 1:0 10/11/2019 10:09:01

    Name                                           Base         Top      Size
    --------------------------------------- ----------- ----------- ---------
    Segment: CODE                              D:040636    D:040660       2bh


Module: .\rtl\common\print_uputch.c (Library: crtSD.lib) Version: 1:0 10/11/2019 10:09:01

    Name                                           Base         Top      Size
    --------------------------------------- ----------- ----------- ---------
    Segment: CODE                              D:0405F0    D:04060C       1dh


Module: .\rtl\common\setflag.asm (Library: chelpD.lib) Version: 1:0 10/11/2019 10:09:34

    Name                                           Base         Top      Size
    --------------------------------------- ----------- ----------- ---------
    Segment: CODE                              D:0405DB    D:0405E9        fh


Module: .\rtl\common\stoiu.asm (Library: chelpD.lib) Version: 1:0 10/11/2019 10:09:33

    Name                                           Base         Top      Size
    --------------------------------------- ----------- ----------- ---------
    Segment: CODE                              D:0405EA    D:0405EF        6h


Module: .\rtl\common\uitoa.c (Library: crtSD.lib) Version: 1:0 10/11/2019 10:09:03

    Name                                           Base         Top      Size
    --------------------------------------- ----------- ----------- ---------
    Segment: CODE                              D:0406E8    D:040709       22h


Module: .\rtl\common\ultoa.c (Library: crtSD.lib) Version: 1:0 10/11/2019 10:09:03

    Name                                           Base         Top      Size
    --------------------------------------- ----------- ----------- ---------
    Segment: CODE                              D:04070A    D:04099D      294h


Module: .\rtl\common\ureverse.c (Library: crtD.lib) Version: 1:0 10/11/2019 10:08:43

    Name                                           Base         Top      Size
    --------------------------------------- ----------- ----------- ---------
    Segment: CODE                              D:040B76    D:040BEC       77h


Module: .\strlen.asm (Library: crtD.lib) Version: 1:0 10/11/2019 10:08:44

    Name                                           Base         Top      Size
    --------------------------------------- ----------- ----------- ---------
    Segment: CODE                              D:040661    D:040675       15h


Module: C:\source\agon-hexload\src\hxload.asm (File: hxload.obj) Version: 1:0 01/07/2023 14:22:34

    Name                                           Base         Top      Size
    --------------------------------------- ----------- ----------- ---------
    Segment: CODE                              D:0403C7    D:04046E       a8h
    Segment: DATA                              D:040CAF    D:040CB0        2h


Module: C:\source\agon-hexload\src\init.asm (File: init.obj) Version: 1:0 01/07/2023 14:22:34

    Name                                           Base         Top      Size
    --------------------------------------- ----------- ----------- ---------
    Segment: CODE                              D:040000    D:0400D6       d7h
    Segment: DATA                              D:040C7D    D:040CAC       30h


Module: C:\source\agon-hexload\src\mos-interface.asm (File: mos-interface.obj) Version: 1:0 01/07/2023 14:22:34

    Name                                           Base         Top      Size
    --------------------------------------- ----------- ----------- ---------
    Segment: CODE                              D:040198    D:04026C       d5h


Module: C:\source\agon-hexload\src\serial.asm (File: serial.obj) Version: 1:0 01/07/2023 14:22:34

    Name                                           Base         Top      Size
    --------------------------------------- ----------- ----------- ---------
    Segment: CODE                              D:04026D    D:0402C2       56h
    Segment: DATA                              D:040CAD    D:040CAE        2h

EXTERNAL DEFINITIONS:
=====================

Symbol                               Address Module          Segment
-------------------------------- ----------- --------------- --------------------------------
___print_buff                       D:040CE0 print_globals   BSS                             
___print_fmt                        D:040CEE print_globals   BSS                             
___print_leading_char               D:040D02 print_globals   BSS                             
___print_len                        D:040D01 print_globals   BSS                             
___print_out                        D:040D03 print_globals   BSS                             
___print_putch                      D:040C5F print_putch     CODE                            
___print_send                       D:0409BE print_send      CODE                            
___print_sendstring                 D:040470 print_putstring CODE                            
___print_sputch                     D:040636 print_sputch    CODE                            
___print_uputch                     D:0405F0 print_uputch    CODE                            
___print_xputch                     D:040CB1 print_globals   DATA                            
__case8D                            D:040BF4 case8D          CODE                            
__close_periphdevice                D:04046F zsldevinitdummy CODE                            
__icmpzero                          D:0409B2 icmpzero        CODE                            
__indcall                           D:040C4D indcall         CODE                            
__ineg                              D:040C44 ineg            CODE                            
__itol                              D:040BED itol            CODE                            
__lcmps                             D:040C2E lcmpu           CODE                            
__lcmpu                             D:040C2E lcmpu           CODE                            
__lcmpzero                          D:04099E lcmpzero        CODE                            
__ldivs                             D:040676 ldivs           CODE                            
__ldivu                             D:0406B2 ldivu           CODE                            
__ldvrmu                            D:0406C4 ldivu           CODE                            
__len_bss                           00000026 (User Defined)
__lneg                              D:0406A5 lneg            CODE                            
__low_bss                           00040CE0 (User Defined)
__lremu                             D:040C4F lremu           CODE                            
__open_periphdevice                 D:04046F zsldevinitdummy CODE                            
__putch                             D:040198 mos-interface   CODE                            
__setflag                           D:0405DB setflag         CODE                            
__sneg                              D:040C44 ineg            CODE                            
__stoiu                             D:0405EA stoiu           CODE                            
__u_itoa                            D:0406E8 uitoa           CODE                            
__u_ltoa                            D:04070A ultoa           CODE                            
__u_reverse                         D:040B76 ureverse        CODE                            
_abs                                D:04060D abs             CODE                            
_close_periphdevice                 D:04046F zsldevinitdummy CODE                            
_getch                              D:0401B0 mos-interface   CODE                            
_getsysvar16bit                     D:0401EA mos-interface   CODE                            
_getsysvar24bit                     D:0401EA mos-interface   CODE                            
_getsysvar8bit                      D:0401D6 mos-interface   CODE                            
_hxload                             D:0403C7 hxload          CODE                            
_init_UART1                         D:0402C3 uart            CODE                            
_main                               D:0400D7 main            CODE                            
_mos_fclose                         D:040216 mos-interface   CODE                            
_mos_feof                           D:040258 mos-interface   CODE                            
_mos_fgetc                          D:04022B mos-interface   CODE                            
_mos_fopen                          D:0401FE mos-interface   CODE                            
_mos_fputc                          D:040240 mos-interface   CODE                            
_open_periphdevice                  D:04046F zsldevinitdummy CODE                            
_open_UART1                         D:0402E1 uart            CODE                            
_putch                              D:040198 mos-interface   CODE                            
_strlen                             D:040661 strlen          CODE                            
_uart1_getch                        D:0402B0 serial          CODE                            
_uart1_handler                      D:04026D serial          CODE                            
_uart1_putch                        D:040292 serial          CODE                            
_uart1_puts                         D:040396 uart            CODE                            
_waitvblank                         D:0401C5 mos-interface   CODE                            

58 external symbol(s).

SYMBOL CROSS REFERENCE:
=======================
Name                              Use         Module
--------------------------------- ----------- -------------------------
___print_buff                     Defined     .\rtl\common\print_globals.c
                                  Referenced  .\rtl\common\ultoa.c
                                  Referenced  .\rtl\common\print_send.c
___print_fmt                      Defined     .\rtl\common\print_globals.c
                                  Referenced  .\rtl\common\print_putstring.c
                                  Referenced  .\rtl\common\ultoa.c
                                  Referenced  .\rtl\common\print_send.c
___print_leading_char             Defined     .\rtl\common\print_globals.c
                                  Referenced  .\rtl\common\ultoa.c
                                  Referenced  .\rtl\common\print_send.c
___print_len                      Defined     .\rtl\common\print_globals.c
                                  Referenced  .\rtl\common\print_putstring.c
                                  Referenced  .\rtl\common\print_send.c
___print_out                      Defined     .\rtl\common\print_globals.c
                                  Referenced  .\rtl\common\print_sputch.c
___print_putch                    Defined     .\rtl\common\print_putch.c
                                  Referenced  .\rtl\common\print_putstring.c
                                  Referenced  .\rtl\common\print_send.c
___print_send                     Defined     .\rtl\common\print_send.c
                                  Referenced  .\rtl\common\ultoa.c
___print_sendstring               Defined     .\rtl\common\print_putstring.c
                                  Referenced  ..\main.c
___print_sputch                   Defined     .\rtl\common\print_sputch.c
                                  Referenced  .\rtl\common\print_globals.c
___print_uputch                   Defined     .\rtl\common\print_uputch.c
                                  Referenced  ..\main.c
___print_xputch                   Defined     .\rtl\common\print_globals.c
                                  Referenced  ..\main.c
                                  Referenced  .\rtl\common\print_putch.c
__case8D                          Defined     .\rtl\common\case8D.asm
                                  Referenced  .\rtl\common\ultoa.c
__close_periphdevice              Defined     ..\src\boot\common\zsldevinitdummy.asm
__icmpzero                        Defined     .\rtl\common\icmpzero.asm
                                  Referenced  .\rtl\common\abs.c
__indcall                         Defined     .\rtl\common\indcall.asm
                                  Referenced  ..\main.c
                                  Referenced  .\rtl\common\print_putch.c
__ineg                            Defined     .\rtl\common\ineg.asm
                                  Referenced  .\rtl\common\abs.c
__itol                            Defined     .\rtl\common\itol.asm
                                  Referenced  ..\main.c
                                  Referenced  ..\uart.c
                                  Referenced  .\rtl\common\uitoa.c
__lcmps                           Defined     .\rtl\common\lcmpu.asm
__lcmpu                           Defined     .\rtl\common\lcmpu.asm
                                  Referenced  .\rtl\common\ultoa.c
                                  Referenced  .\rtl\common\lcmpzero.asm
__lcmpzero                        Defined     .\rtl\common\lcmpzero.asm
                                  Referenced  .\rtl\common\ultoa.c
__ldivs                           Defined     .\rtl\common\ldivs.asm
                                  Referenced  ..\uart.c
__ldivu                           Defined     .\rtl\common\ldivu.asm
                                  Referenced  .\rtl\common\ldivs.asm
                                  Referenced  .\rtl\common\ultoa.c
__ldvrmu                          Defined     .\rtl\common\ldivu.asm
                                  Referenced  .\rtl\common\lremu.asm
__len_bss                         Defined     LINKER
                                  Referenced  C:\source\agon-hexload\src\init.asm
__lneg                            Defined     .\rtl\common\lneg.asm
                                  Referenced  .\rtl\common\ldivs.asm
                                  Referenced  .\rtl\common\ultoa.c
__low_bss                         Defined     LINKER
                                  Referenced  C:\source\agon-hexload\src\init.asm
__lremu                           Defined     .\rtl\common\lremu.asm
                                  Referenced  .\rtl\common\ultoa.c
__open_periphdevice               Defined     ..\src\boot\common\zsldevinitdummy.asm
__putch                           Defined     C:\source\agon-hexload\src\mos-interface.asm
__setflag                         Defined     .\rtl\common\setflag.asm
                                  Referenced  .\rtl\common\print_putstring.c
                                  Referenced  .\rtl\common\abs.c
                                  Referenced  .\rtl\common\ultoa.c
                                  Referenced  .\rtl\common\print_send.c
__sneg                            Defined     .\rtl\common\ineg.asm
__stoiu                           Defined     .\rtl\common\stoiu.asm
                                  Referenced  ..\uart.c
__u_itoa                          Defined     .\rtl\common\uitoa.c
                                  Referenced  ..\main.c
__u_ltoa                          Defined     .\rtl\common\ultoa.c
                                  Referenced  .\rtl\common\uitoa.c
__u_reverse                       Defined     .\rtl\common\ureverse.c
                                  Referenced  .\rtl\common\ultoa.c
_abs                              Defined     .\rtl\common\abs.c
                                  Referenced  .\rtl\common\print_putstring.c
                                  Referenced  .\rtl\common\print_send.c
_close_periphdevice               Defined     ..\src\boot\common\zsldevinitdummy.asm
_getch                            Defined     C:\source\agon-hexload\src\mos-interface.asm
_getsysvar16bit                   Defined     C:\source\agon-hexload\src\mos-interface.asm
_getsysvar24bit                   Defined     C:\source\agon-hexload\src\mos-interface.asm
_getsysvar8bit                    Defined     C:\source\agon-hexload\src\mos-interface.asm
_hxload                           Defined     C:\source\agon-hexload\src\hxload.asm
                                  Referenced  ..\main.c
_init_UART1                       Defined     ..\uart.c
                                  Referenced  ..\main.c
_main                             Defined     ..\main.c
                                  Referenced  C:\source\agon-hexload\src\init.asm
_mos_fclose                       Defined     C:\source\agon-hexload\src\mos-interface.asm
_mos_feof                         Defined     C:\source\agon-hexload\src\mos-interface.asm
_mos_fgetc                        Defined     C:\source\agon-hexload\src\mos-interface.asm
_mos_fopen                        Defined     C:\source\agon-hexload\src\mos-interface.asm
_mos_fputc                        Defined     C:\source\agon-hexload\src\mos-interface.asm
_open_periphdevice                Defined     ..\src\boot\common\zsldevinitdummy.asm
_open_UART1                       Defined     ..\uart.c
                                  Referenced  ..\main.c
_putch                            Defined     C:\source\agon-hexload\src\mos-interface.asm
                                  Referenced  .\rtl\common\print_uputch.c
_strlen                           Defined     .\strlen.asm
                                  Referenced  .\rtl\common\print_putstring.c
                                  Referenced  .\rtl\common\print_send.c
                                  Referenced  .\rtl\common\ureverse.c
_uart1_getch                      Defined     C:\source\agon-hexload\src\serial.asm
                                  Referenced  C:\source\agon-hexload\src\hxload.asm
_uart1_handler                    Defined     C:\source\agon-hexload\src\serial.asm
                                  Referenced  ..\main.c
_uart1_putch                      Defined     C:\source\agon-hexload\src\serial.asm
                                  Referenced  ..\uart.c
_uart1_puts                       Defined     ..\uart.c
_waitvblank                       Defined     C:\source\agon-hexload\src\mos-interface.asm

OUTPUT CHECKSUM
===============
hexload.hex          060902
hexload.lod          060902



END OF LINK MAP:
================
0 Errors
0 Warnings
